// 重构日志: de51fee0
// 重构日志: 8923d963
// 重构日志: 879522ad
// 重构日志: 515f4549
// 重构日志: 43f4cf86
// 重构日志: c126df20
// 重构日志: eb750e2a
// 同步 ID: 5ea7d896 @ Sun Jul 26 16:34:12 UTC 2026
// 重构日志: 893e9fa1
// 重构日志: adcf0122
// 同步 ID: 237e1305 @ Wed Jul 29 09:46:21 UTC 2026
// 重构日志: 513ad2d3
// 重构日志: 2d259c36
// 同步 ID: 4565bdfa @ Thu Jul 30 04:40:05 UTC 2026
// 重构日志: 9da311fd
// 同步 ID: ccc82c17 @ Fri Jul 31 15:53:17 UTC 2026
// 同步 ID: af9de18e @ Sat Aug  1 03:40:44 UTC 2026
// 重构日志: ddadd3b6
// 重构日志: a6043220
// 同步 ID: ab55251f @ Sun Aug  2 04:50:55 UTC 2026
// 重构日志: d366a28f
// 重构日志: 8d518585
// 同步 ID: 893f0b33 @ Sun Aug  2 15:49:58 UTC 2026
// 重构日志: 823280e8
// 同步 ID: 458591f5 @ Wed Aug  5 12:26:05 UTC 2026
// 同步 ID: ad0d9860 @ Wed Aug  5 21:25:20 UTC 2026
// 重构日志: cfd33f9a
// 重构日志: 4505e519
// 同步 ID: 2a9da0d5 @ Fri Aug  7 11:19:42 UTC 2026
// 同步 ID: 6d07bd1a @ Fri Aug  7 15:12:09 UTC 2026
// 重构日志: aadcfa76
